type octile
height 34
width 50
map
@@@@@@@@@TTTTTTTT@@@@@@@@TTTTTTTTTTTTTTTTTTTTTTTT@
TTTT..TTTTTTTTTTTTTTTTTTTTTTTTTTTTTTTT...TTTTTTTTT
TTTT.............TTTTTTTTTT............T.TTTTTTTTT
TTT...................TTTTT............T........TT
TTTT...................TTTT.TT.........T...T....TT
TTTT...................TTTT.TT......TTTTTTT.T...TT
TTTT...................TTTT.....TTTTTTTT..T.T...TT
TTTT...................TTTT...............T.T...TT
TTTT...................TTTTTTTTTTTT....T..T.T...TT
TTTT...................TTTTTTTTTTTT..TTTT.T.TTTTTT
TTTT....................TTTTTT@@TT.....TT.....TTTT
TTTT.........TTTTT..TTTTTTTTTT@@TT.....T......TTTT
TT.............T............TT@@TT.....T......TTTT
TT..........................TT@@TT.....T......TTTT
TT.....................TTTT.TT@@TTTTT..T......TTTT
TT.....................TTTT.TT@@TTTTT..T......TTTT
TT.....................TTTT.TT@@TTTTT...........TT
TTTT...................TTTT.TT@@TT@TTTTTTTTT...TTT
TTTT.......@@@@@@@@@@@@TTTT.TT@@TTTT...T......TTTT
TTTT...................TTTT.TT@@TTTT...T......TTTT
TTTTTTTTTTTTTTTTTTTTT..TTTTTTT@@TTTT...T......TTTT
TTTT...................TTTTTTT@@TTTT...T......TTTT
TTTT...................TTTTTTT@@TTTT...T......TTTT
TTTT..TTTTTTTTTTTTTTTTTTTTTTTT@@TTTT...T.....TTTTT
TT@T....................TTTTTT@@TT.....T.....TTTTT
TTTT....................TTTTTTTTTTT..........TTTTT
TT......................TTTTTTTTTT...........TTTTT
TT......................TTT............T.....TTTTT
TTTT......................W............T.....TTTTT
TTTT......................W............T.....TTTTT
TTTTT........TTT.........TT..............TTT.TTTTT
TTTTTTTT.TTTTTTTT.......TTT..............TTT.TTTTT
TTTTTTTTTTTTTTTTTTTTTTTTTTTTTTTTTTTTTTTTTTTTTTTTTT
TTTTTTTTTTTTTTTTTTTTTTTTTTTTTTTTTTTTTTTTTTTTTTTTTT
